// Jest Snapshot v1, https://goo.gl/fbAQLP

exports[`快照测试 全页快照 1`] = `
<Fragment>
  <Steps
    current={0}
  >
    <Step
      description="我是第一步"
      key="第一步"
      title="第一步"
    />
    <Step
      description="我是第二步"
      key="第二步"
      title="第二步"
    />
    <Step
      description="我是第三步"
      key="第三步"
      title="第三步"
    />
  </Steps>
  <First
    backPath="/"
    cancelText="取消"
    finishText="完成"
    goToNext={[Function]}
    goToStep={[Function]}
    history={
      Object {
        "push": [Function],
      }
    }
    location={
      Object {
        "pathname": "",
      }
    }
    showCancel={true}
    showFinalLastStep={true}
    showPrev={true}
    steps={
      Array [
        Object {
          "component": [Function],
          "description": "我是第一步",
          "path": "first",
          "text": "第一步",
        },
        Object {
          "component": [Function],
          "description": "我是第二步",
          "path": "second",
          "text": "第二步",
        },
        Object {
          "component": [Function],
          "description": "我是第三步",
          "path": "third",
          "text": "第三步",
        },
      ]
    }
  />
  <ButtonGroup>
    <Button
      block={false}
      ghost={false}
      htmlType="button"
      loading={false}
      onClick={[Function]}
    >
      取消
    </Button>
    <Button
      block={false}
      ghost={false}
      htmlType="button"
      loading={false}
      onClick={[Function]}
    >
      下一步
    </Button>
  </ButtonGroup>
</Fragment>
`;
