// Jest Snapshot v1, https://goo.gl/fbAQLP

exports[`快照测试 全页快照 1`] = `
<div
  className="-wapper"
>
  <Component
    className=""
    onChange={[Function]}
    placeholder=""
    value=""
  />
</div>
`;
