// Jest Snapshot v1, https://goo.gl/fbAQLP

exports[`快照测试 switchconfirm   1`] = `
<Switch
  checked={false}
  onChange={[Function]}
  prefixCls="ant-switch"
/>
`;
