// Jest Snapshot v1, https://goo.gl/fbAQLP

exports[`baseform test render 1`] = `
<form
  class="ant-form ant-form-horizontal ant-form-hide-required-mark"
>
  <div>
    111
  </div>
  <div>
    222
  </div>
</form>
`;
